[findrbxgroup.memcorrupt.repl.run/assets/apple-touch-icon.png]
[findrbxgroup.memcorrupt.repl.run/assets/favicon-32x32.png]
[findrbxgroup.memcorrupt.repl.run/assets/favicon-16x16.png]
[cdn.polyfill.io/v2/polyfill.min.js]
[cdn.jsdelivr.net/npm/xterm@3.14.5/dist/xterm.min.js]
[cdn.jsdelivr.net/npm/xterm@3.14.5/dist/addons/fullscreen/fullscreen.min.js]
[cdn.jsdelivr.net/npm/xterm@3.14.5/dist/addons/fit/fit.js]
[cdn.jsdelivr.net/npm/xterm@3.14.5/dist/addons/webLinks/webLinks.js]
[cdn.jsdelivr.net/npm/xterm@3.14.5/dist/xterm.min.css]
[cdn.jsdelivr.net/npm/xterm@3.14.5/dist/addons/fullscreen/fullscreen.min.css]
[backblue.gif]
[fade.gif]
[index.html]
[findrbxgroup.memcorrupt.repl.run/assets/logo.png]
[browser.sentry-cdn.com/5.5.0/bundle.min.js]
[www.google.com/recaptcha/api9a54.js]
[findrbxgroup.memcorrupt.repl.run/crosisde77.js]
[cdnjs.cloudflare.com/ajax/libs/babel-polyfill/7.4.3/polyfill.js]
[findrbxgroup.memcorrupt.repl.run/script5e1f.js]
[findrbxgroup.memcorrupt.repl.run/index.html]
[findrbxgroup.memcorrupt.repl.run/assets/site.html]
[findrbxgroup.memcorrupt.repl.run/assets/safari-pinned-tab.svg]
[cdn.jsdelivr.net/npm/xterm@3.14.5/dist/xterm.min.css]
[cdn.jsdelivr.net/npm/xterm@3.14.5/dist/addons/fullscreen/fullscreen.min.css]
[findrbxgroup.memcorrupt.repl.run/__repl/script.js]
[findrbxgroup.memcorrupt.repl.run/__repl/index.html]
